---
source: tests/rojo_test/syncback_util.rs
expression: "visualize_fs_snapshot(&fs_snapshot, &output_path)"
---
added_files:
  - src/pointer.model.json
  - src/target.model.json
added_dirs:
  - src
removed_files: []
removed_dirs: []
