---
source: tests/rojo_test/syncback_util.rs
expression: "visualize_fs_snapshot(&fs_snapshot, &output_path)"
---
added_files:
  - src/modules/ClientModule.luau
  - src/modules/ServerModule.luau
added_dirs:
  - src/modules
removed_files: []
removed_dirs: []
