---
source: tests/rojo_test/syncback_util.rs
expression: "visualize_fs_snapshot(&fs_snapshot, &output_path)"
---
added_files:
  - ChangedProperties.model.json
  - default.project.json
added_dirs: []
removed_files: []
removed_dirs: []
