---
source: tests/rojo_test/syncback_util.rs
expression: "visualize_fs_snapshot(&fs_snapshot, &output_path)"
---
added_files:
  - attribute_mismatch.luau
  - property_mismatch.project.json
added_dirs: []
removed_files: []
removed_dirs: []
