{
  "name": "ignore_paths",
  "tree": {
    "$className": "DataModel",
    "Workspace": {
      "$properties": {
        "SignalBehavior": "Deferred",
        "StreamOutBehavior": "Opportunistic",
        "StreamingEnabled": true,
        "StreamingIntegrityMode": "PauseOutsideLoadedArea"
      },
      "$path": "src"
    }
  },
  "syncbackRules": {
    "ignorePaths": [
      "*.rbxm",
      "*.luau"
    ]
  }
}