{
  "properties": {
    "Anchored": true
  },
  "className": "Part"
}
