{
  "name": "respect_old_middleware",
  "tree": {
    "$className": "DataModel",
    "Workspace": {
      "$properties": {
        "EditorLiveScripting": {
          "Enum": 0
        },
        "SignalBehavior": "Deferred",
        "StreamOutBehavior": "Opportunistic",
        "StreamingEnabled": true,
        "StreamingIntegrityMode": "PauseOutsideLoadedArea"
      },
      "$path": "Workspace"
    }
  },
  "syncbackRules": {
    "ignoreReferents": true
  }
}