{
  "name": "unscriptable_properties",
  "tree": {
    "$className": "DataModel",
    "ReplicatedStorage": {
      "Model": {
        "$className": "Model",
        "$properties": {
          "Scale": 1337.0,
          "WorldPivotData": {
            "OptionalCFrame": null
          }
        }
      }
    },
    "Workspace": {
      "$properties": {
        "EditorLiveScripting": {
          "Enum": 0
        },
        "SignalBehavior": "Deferred",
        "StreamOutBehavior": "Opportunistic",
        "StreamingEnabled": true,
        "StreamingIntegrityMode": "PauseOutsideLoadedArea"
      }
    }
  },
  "syncbackRules": {
    "syncUnscriptable": true,
    "ignoreReferents": true
  }
}