{
  "name": "ref_properties_blank",
  "tree": {
    "$className": "DataModel",
    "Workspace": {
      "$properties": {
        "EditorLiveScripting": {
          "Enum": 0
        },
        "SignalBehavior": "Deferred",
        "StreamOutBehavior": "Opportunistic",
        "StreamingEnabled": true,
        "StreamingIntegrityMode": "PauseOutsideLoadedArea"
      },
      "$attributes": {
        "Rojo_Target_CurrentCamera": "62e89c49e4f800c20629c71b00003fcb"
      },
      "$path": "src"
    }
  }
}